------------------------------------------------------------
Timing Analyzer Summary
------------------------------------------------------------

Type  : Slow 1100mV 85C Model Setup 'clk'
Slack : -5.586
TNS   : -2611.430

Type  : Slow 1100mV 85C Model Hold 'clk'
Slack : 0.078
TNS   : 0.000

Type  : Slow 1100mV 85C Model Minimum Pulse Width 'clk'
Slack : -2.225
TNS   : -1113.820

Type  : Slow 1100mV 0C Model Setup 'clk'
Slack : -5.762
TNS   : -2517.453

Type  : Slow 1100mV 0C Model Hold 'clk'
Slack : 0.110
TNS   : 0.000

Type  : Slow 1100mV 0C Model Minimum Pulse Width 'clk'
Slack : -2.225
TNS   : -1132.041

Type  : Fast 1100mV 85C Model Setup 'clk'
Slack : -3.180
TNS   : -1257.187

Type  : Fast 1100mV 85C Model Hold 'clk'
Slack : 0.091
TNS   : 0.000

Type  : Fast 1100mV 85C Model Minimum Pulse Width 'clk'
Slack : -1.702
TNS   : -718.888

Type  : Fast 1100mV 0C Model Setup 'clk'
Slack : -3.070
TNS   : -1086.776

Type  : Fast 1100mV 0C Model Hold 'clk'
Slack : 0.097
TNS   : 0.000

Type  : Fast 1100mV 0C Model Minimum Pulse Width 'clk'
Slack : -1.702
TNS   : -721.719

------------------------------------------------------------
