------------------------------------------------------------
Timing Analyzer Summary
------------------------------------------------------------

Type  : Slow 1100mV 85C Model Setup 'clk'
Slack : -5.616
TNS   : -2886.568

Type  : Slow 1100mV 85C Model Hold 'clk'
Slack : 0.072
TNS   : 0.000

Type  : Slow 1100mV 85C Model Minimum Pulse Width 'clk'
Slack : -2.225
TNS   : -1132.097

Type  : Slow 1100mV 0C Model Setup 'clk'
Slack : -5.778
TNS   : -2828.237

Type  : Slow 1100mV 0C Model Hold 'clk'
Slack : 0.105
TNS   : 0.000

Type  : Slow 1100mV 0C Model Minimum Pulse Width 'clk'
Slack : -2.225
TNS   : -1147.838

Type  : Fast 1100mV 85C Model Setup 'clk'
Slack : -3.184
TNS   : -1396.324

Type  : Fast 1100mV 85C Model Hold 'clk'
Slack : 0.091
TNS   : 0.000

Type  : Fast 1100mV 85C Model Minimum Pulse Width 'clk'
Slack : -1.702
TNS   : -720.399

Type  : Fast 1100mV 0C Model Setup 'clk'
Slack : -3.069
TNS   : -1225.211

Type  : Fast 1100mV 0C Model Hold 'clk'
Slack : 0.094
TNS   : 0.000

Type  : Fast 1100mV 0C Model Minimum Pulse Width 'clk'
Slack : -1.702
TNS   : -722.591

------------------------------------------------------------
